---
source: crates/nixon-picker/src/ui/render.rs
expression: draw(&mut app)
---
"> bld                                                                           "
"> build - Build the workspace                                                   "
"                                                                                "
"                                                                                "
"                                                                                "
"                                                                                "
"                                                                                "
"                                                                                "
"                                                                                "
"                                                                                "
"                                                                                "
"                                                                                "
"                                                                                "
"                                                                                "
"                                                                                "
"                                                                                "
"                                                                                "
"                                                                                "
"                                                                                "
"                                                                                "
