---
source: crates/nixon-picker/src/ui/render.rs
expression: draw(&mut app)
---
"Select command                                                                  "
">                                                                            2/2"
"[x] --force  [x] -v                                                             "
"▌ remove - Remove a worktree                                                    "
"  add - Add a worktree                                                          "
"                                                                                "
"                                                                                "
"                                                                                "
"                                                                                "
"                                                                                "
