---
source: crates/nixon-picker/src/ui/render.rs
expression: draw(&mut app)
---
"> co                                                                            "
"> coverage - Build the HTML coverage report                                     "
"  docs - Build and open the documentation                                       "
"                                                                                "
"                                                                                "
"                                                                                "
"                                                                                "
"                                                                                "
"                                                                                "
"                                                                                "
"                                                                                "
"                                                                                "
"                                                                                "
"                                                                                "
"                                                                                "
"                                                                                "
"                                                                                "
"                                                                                "
"                                                                                "
"                                                                                "
