---
source: crates/nixon-picker/src/ui/render.rs
expression: draw(&mut app)
---
"> bld                                                                        1/9"
"▌ build - Build the workspace                                                   "
"                                                                                "
"                                                                                "
"                                                                                "
"                                                                                "
"                                                                                "
"                                                                                "
"                                                                                "
"                                                                                "
"                                                                                "
"                                                                                "
"                                                                                "
"                                                                                "
"                                                                                "
"                                                                                "
"                                                                                "
"                                                                                "
"                                                                                "
"                                                                                "
