---
source: crates/nixon-picker/src/ui/render.rs
expression: "format!(\"{}\", terminal.backend())"
---
">                                                                               "
"  docs - Build and open the documentation                                       "
"  fmt - Format Rust, TOML and Nix sources                                       "
"  lint - Clippy with warnings denied                                            "
"> run - Run nixon from the workspace                                            "
"                                                                                "
"                                                                                "
"                                                                                "
"                                                                                "
"                                                                                "
"                                                                                "
"                                                                                "
"                                                                                "
"                                                                                "
"                                                                                "
"                                                                                "
"                                                                                "
"                                                                                "
"                                                                                "
"                                                                                "
